// Jest Snapshot v1, https://goo.gl/fbAQLP

exports[`Contacts should render initial layout 1`] = `
Array [
  <div
    className="container"
  >
    <div
      className="row"
    >
      <div
        className="col-12"
      >
        <h2
          className="font-weight-normal"
        >
          No contact found
        </h2>
      </div>
    </div>
  </div>,
]
`;
